Archive member included to satisfy reference by file (symbol)

c:/program files (x86)/atmel/studio/7.0/toolchain/avr8/avr8-gnu-toolchain/bin/../lib/gcc/avr/5.4.0/avr5\libgcc.a(_divmodhi4.o)
                              Mcal/Timer0/Timer0.o (__divmodhi4)
c:/program files (x86)/atmel/studio/7.0/toolchain/avr8/avr8-gnu-toolchain/bin/../lib/gcc/avr/5.4.0/avr5\libgcc.a(_udivmodsi4.o)
                              Mcal/Timer0/Timer0.o (__udivmodsi4)
c:/program files (x86)/atmel/studio/7.0/toolchain/avr8/avr8-gnu-toolchain/bin/../lib/gcc/avr/5.4.0/avr5\libgcc.a(_exit.o)
                              C:/Program Files (x86)/Atmel/Studio/7.0/Packs/Atmel/ATmega_DFP/1.6.364/gcc/dev/atmega32/avr5/crtatmega32.o (exit)
c:/program files (x86)/atmel/studio/7.0/toolchain/avr8/avr8-gnu-toolchain/bin/../lib/gcc/avr/5.4.0/avr5\libgcc.a(_clear_bss.o)
                              App/main.o (__do_clear_bss)
c:/program files (x86)/atmel/studio/7.0/toolchain/avr8/avr8-gnu-toolchain/bin/../lib/gcc/avr/5.4.0/avr5\libgcc.a(_muluhisi3.o)
                              Mcal/Timer0/Timer0.o (__muluhisi3)
c:/program files (x86)/atmel/studio/7.0/toolchain/avr8/avr8-gnu-toolchain/bin/../lib/gcc/avr/5.4.0/avr5\libgcc.a(_udivmodhi4.o)
                              c:/program files (x86)/atmel/studio/7.0/toolchain/avr8/avr8-gnu-toolchain/bin/../lib/gcc/avr/5.4.0/avr5\libgcc.a(_divmodhi4.o) (__udivmodhi4)
c:/program files (x86)/atmel/studio/7.0/toolchain/avr8/avr8-gnu-toolchain/bin/../lib/gcc/avr/5.4.0/avr5\libgcc.a(_umulhisi3.o)
                              c:/program files (x86)/atmel/studio/7.0/toolchain/avr8/avr8-gnu-toolchain/bin/../lib/gcc/avr/5.4.0/avr5\libgcc.a(_muluhisi3.o) (__umulhisi3)

Allocating common symbols
Common symbol       size              file

CallBack            0x2               Mcal/Timer0/Timer0.o

Discarded input sections

 .data          0x00000000        0x0 C:/Program Files (x86)/Atmel/Studio/7.0/Packs/Atmel/ATmega_DFP/1.6.364/gcc/dev/atmega32/avr5/crtatmega32.o
 .bss           0x00000000        0x0 C:/Program Files (x86)/Atmel/Studio/7.0/Packs/Atmel/ATmega_DFP/1.6.364/gcc/dev/atmega32/avr5/crtatmega32.o
 .text          0x00000000        0x0 App/main.o
 .data          0x00000000        0x0 App/main.o
 .bss           0x00000000        0x0 App/main.o
 .text          0x00000000        0x0 Hal/Buzzer/Buzzer.o
 .data          0x00000000        0x0 Hal/Buzzer/Buzzer.o
 .bss           0x00000000        0x0 Hal/Buzzer/Buzzer.o
 .text.H_Buzzer_Loop
                0x00000000       0x1c Hal/Buzzer/Buzzer.o
 .text          0x00000000        0x0 Hal/ExternalEeprom/ExternalEeprom.o
 .data          0x00000000        0x0 Hal/ExternalEeprom/ExternalEeprom.o
 .bss           0x00000000        0x0 Hal/ExternalEeprom/ExternalEeprom.o
 .text.H_Eeprom_Init
                0x00000000       0x18 Hal/ExternalEeprom/ExternalEeprom.o
 .text          0x00000000        0x0 Hal/Leds/Leds.o
 .data          0x00000000        0x0 Hal/Leds/Leds.o
 .bss           0x00000000        0x0 Hal/Leds/Leds.o
 .text          0x00000000        0x0 Hal/Motor/Motor.o
 .data          0x00000000        0x0 Hal/Motor/Motor.o
 .bss           0x00000000        0x0 Hal/Motor/Motor.o
 .text.H_Motor_CCW
                0x00000000       0x12 Hal/Motor/Motor.o
 .text          0x00000000        0x0 Mcal/Dio/Dio.o
 .data          0x00000000        0x0 Mcal/Dio/Dio.o
 .bss           0x00000000        0x0 Mcal/Dio/Dio.o
 .text.M_Dio_PinTog
                0x00000000       0x94 Mcal/Dio/Dio.o
 .text.M_Dio_PinRead
                0x00000000       0x88 Mcal/Dio/Dio.o
 .text.M_Dio_PinPullUpResistor
                0x00000000      0x112 Mcal/Dio/Dio.o
 .text          0x00000000        0x0 Mcal/Timer0/Timer0.o
 .data          0x00000000        0x0 Mcal/Timer0/Timer0.o
 .bss           0x00000000        0x0 Mcal/Timer0/Timer0.o
 .text.M_Timer0_Pwm0Init
                0x00000000       0x1c Mcal/Timer0/Timer0.o
 .text.M_Timer0_Pwm0SetDutyCycle
                0x00000000       0x14 Mcal/Timer0/Timer0.o
 .text.M_Timer0_Pwm0Start
                0x00000000        0x6 Mcal/Timer0/Timer0.o
 .text.M_Timer0_Pwm0Stop
                0x00000000        0x6 Mcal/Timer0/Timer0.o
 .bss.Timer0_u8_RemainderTicks
                0x00000000        0x1 Mcal/Timer0/Timer0.o
 .bss.Timer0_u32_NumOfOverFlows
                0x00000000        0x4 Mcal/Timer0/Timer0.o
 .text          0x00000000        0x0 Mcal/Twi/Twi.o
 .data          0x00000000        0x0 Mcal/Twi/Twi.o
 .bss           0x00000000        0x0 Mcal/Twi/Twi.o
 .text.M_Twi_Init
                0x00000000        0xc Mcal/Twi/Twi.o
 .text.M_Twi_Ack
                0x00000000       0x14 Mcal/Twi/Twi.o
 .text          0x00000000        0x0 Mcal/Uart/Uart.o
 .data          0x00000000        0x0 Mcal/Uart/Uart.o
 .bss           0x00000000        0x0 Mcal/Uart/Uart.o
 .text.M_Uart_SendString
                0x00000000       0x2c Mcal/Uart/Uart.o
 .text.M_Uart_ReceiveString
                0x00000000       0x42 Mcal/Uart/Uart.o
 .text          0x00000000        0x0 c:/program files (x86)/atmel/studio/7.0/toolchain/avr8/avr8-gnu-toolchain/bin/../lib/gcc/avr/5.4.0/avr5\libgcc.a(_divmodhi4.o)
 .data          0x00000000        0x0 c:/program files (x86)/atmel/studio/7.0/toolchain/avr8/avr8-gnu-toolchain/bin/../lib/gcc/avr/5.4.0/avr5\libgcc.a(_divmodhi4.o)
 .bss           0x00000000        0x0 c:/program files (x86)/atmel/studio/7.0/toolchain/avr8/avr8-gnu-toolchain/bin/../lib/gcc/avr/5.4.0/avr5\libgcc.a(_divmodhi4.o)
 .text.libgcc.mul
                0x00000000        0x0 c:/program files (x86)/atmel/studio/7.0/toolchain/avr8/avr8-gnu-toolchain/bin/../lib/gcc/avr/5.4.0/avr5\libgcc.a(_divmodhi4.o)
 .text.libgcc.div
                0x00000000       0x28 c:/program files (x86)/atmel/studio/7.0/toolchain/avr8/avr8-gnu-toolchain/bin/../lib/gcc/avr/5.4.0/avr5\libgcc.a(_divmodhi4.o)
 .text.libgcc   0x00000000        0x0 c:/program files (x86)/atmel/studio/7.0/toolchain/avr8/avr8-gnu-toolchain/bin/../lib/gcc/avr/5.4.0/avr5\libgcc.a(_divmodhi4.o)
 .text.libgcc.prologue
                0x00000000        0x0 c:/program files (x86)/atmel/studio/7.0/toolchain/avr8/avr8-gnu-toolchain/bin/../lib/gcc/avr/5.4.0/avr5\libgcc.a(_divmodhi4.o)
 .text.libgcc.builtins
                0x00000000        0x0 c:/program files (x86)/atmel/studio/7.0/toolchain/avr8/avr8-gnu-toolchain/bin/../lib/gcc/avr/5.4.0/avr5\libgcc.a(_divmodhi4.o)
 .text.libgcc.fmul
                0x00000000        0x0 c:/program files (x86)/atmel/studio/7.0/toolchain/avr8/avr8-gnu-toolchain/bin/../lib/gcc/avr/5.4.0/avr5\libgcc.a(_divmodhi4.o)
 .text.libgcc.fixed
                0x00000000        0x0 c:/program files (x86)/atmel/studio/7.0/toolchain/avr8/avr8-gnu-toolchain/bin/../lib/gcc/avr/5.4.0/avr5\libgcc.a(_divmodhi4.o)
 .text          0x00000000        0x0 c:/program files (x86)/atmel/studio/7.0/toolchain/avr8/avr8-gnu-toolchain/bin/../lib/gcc/avr/5.4.0/avr5\libgcc.a(_udivmodsi4.o)
 .data          0x00000000        0x0 c:/program files (x86)/atmel/studio/7.0/toolchain/avr8/avr8-gnu-toolchain/bin/../lib/gcc/avr/5.4.0/avr5\libgcc.a(_udivmodsi4.o)
 .bss           0x00000000        0x0 c:/program files (x86)/atmel/studio/7.0/toolchain/avr8/avr8-gnu-toolchain/bin/../lib/gcc/avr/5.4.0/avr5\libgcc.a(_udivmodsi4.o)
 .text.libgcc.mul
                0x00000000        0x0 c:/program files (x86)/atmel/studio/7.0/toolchain/avr8/avr8-gnu-toolchain/bin/../lib/gcc/avr/5.4.0/avr5\libgcc.a(_udivmodsi4.o)
 .text.libgcc   0x00000000        0x0 c:/program files (x86)/atmel/studio/7.0/toolchain/avr8/avr8-gnu-toolchain/bin/../lib/gcc/avr/5.4.0/avr5\libgcc.a(_udivmodsi4.o)
 .text.libgcc.prologue
                0x00000000        0x0 c:/program files (x86)/atmel/studio/7.0/toolchain/avr8/avr8-gnu-toolchain/bin/../lib/gcc/avr/5.4.0/avr5\libgcc.a(_udivmodsi4.o)
 .text.libgcc.builtins
                0x00000000        0x0 c:/program files (x86)/atmel/studio/7.0/toolchain/avr8/avr8-gnu-toolchain/bin/../lib/gcc/avr/5.4.0/avr5\libgcc.a(_udivmodsi4.o)
 .text.libgcc.fmul
                0x00000000        0x0 c:/program files (x86)/atmel/studio/7.0/toolchain/avr8/avr8-gnu-toolchain/bin/../lib/gcc/avr/5.4.0/avr5\libgcc.a(_udivmodsi4.o)
 .text.libgcc.fixed
                0x00000000        0x0 c:/program files (x86)/atmel/studio/7.0/toolchain/avr8/avr8-gnu-toolchain/bin/../lib/gcc/avr/5.4.0/avr5\libgcc.a(_udivmodsi4.o)
 .text          0x00000000        0x0 c:/program files (x86)/atmel/studio/7.0/toolchain/avr8/avr8-gnu-toolchain/bin/../lib/gcc/avr/5.4.0/avr5\libgcc.a(_exit.o)
 .data          0x00000000        0x0 c:/program files (x86)/atmel/studio/7.0/toolchain/avr8/avr8-gnu-toolchain/bin/../lib/gcc/avr/5.4.0/avr5\libgcc.a(_exit.o)
 .bss           0x00000000        0x0 c:/program files (x86)/atmel/studio/7.0/toolchain/avr8/avr8-gnu-toolchain/bin/../lib/gcc/avr/5.4.0/avr5\libgcc.a(_exit.o)
 .text.libgcc.mul
                0x00000000        0x0 c:/program files (x86)/atmel/studio/7.0/toolchain/avr8/avr8-gnu-toolchain/bin/../lib/gcc/avr/5.4.0/avr5\libgcc.a(_exit.o)
 .text.libgcc.div
                0x00000000        0x0 c:/program files (x86)/atmel/studio/7.0/toolchain/avr8/avr8-gnu-toolchain/bin/../lib/gcc/avr/5.4.0/avr5\libgcc.a(_exit.o)
 .text.libgcc   0x00000000        0x0 c:/program files (x86)/atmel/studio/7.0/toolchain/avr8/avr8-gnu-toolchain/bin/../lib/gcc/avr/5.4.0/avr5\libgcc.a(_exit.o)
 .text.libgcc.prologue
                0x00000000        0x0 c:/program files (x86)/atmel/studio/7.0/toolchain/avr8/avr8-gnu-toolchain/bin/../lib/gcc/avr/5.4.0/avr5\libgcc.a(_exit.o)
 .text.libgcc.builtins
                0x00000000        0x0 c:/program files (x86)/atmel/studio/7.0/toolchain/avr8/avr8-gnu-toolchain/bin/../lib/gcc/avr/5.4.0/avr5\libgcc.a(_exit.o)
 .text.libgcc.fmul
                0x00000000        0x0 c:/program files (x86)/atmel/studio/7.0/toolchain/avr8/avr8-gnu-toolchain/bin/../lib/gcc/avr/5.4.0/avr5\libgcc.a(_exit.o)
 .text.libgcc.fixed
                0x00000000        0x0 c:/program files (x86)/atmel/studio/7.0/toolchain/avr8/avr8-gnu-toolchain/bin/../lib/gcc/avr/5.4.0/avr5\libgcc.a(_exit.o)
 .text          0x00000000        0x0 c:/program files (x86)/atmel/studio/7.0/toolchain/avr8/avr8-gnu-toolchain/bin/../lib/gcc/avr/5.4.0/avr5\libgcc.a(_clear_bss.o)
 .data          0x00000000        0x0 c:/program files (x86)/atmel/studio/7.0/toolchain/avr8/avr8-gnu-toolchain/bin/../lib/gcc/avr/5.4.0/avr5\libgcc.a(_clear_bss.o)
 .bss           0x00000000        0x0 c:/program files (x86)/atmel/studio/7.0/toolchain/avr8/avr8-gnu-toolchain/bin/../lib/gcc/avr/5.4.0/avr5\libgcc.a(_clear_bss.o)
 .text.libgcc.mul
                0x00000000        0x0 c:/program files (x86)/atmel/studio/7.0/toolchain/avr8/avr8-gnu-toolchain/bin/../lib/gcc/avr/5.4.0/avr5\libgcc.a(_clear_bss.o)
 .text.libgcc.div
                0x00000000        0x0 c:/program files (x86)/atmel/studio/7.0/toolchain/avr8/avr8-gnu-toolchain/bin/../lib/gcc/avr/5.4.0/avr5\libgcc.a(_clear_bss.o)
 .text.libgcc   0x00000000        0x0 c:/program files (x86)/atmel/studio/7.0/toolchain/avr8/avr8-gnu-toolchain/bin/../lib/gcc/avr/5.4.0/avr5\libgcc.a(_clear_bss.o)
 .text.libgcc.prologue
                0x00000000        0x0 c:/program files (x86)/atmel/studio/7.0/toolchain/avr8/avr8-gnu-toolchain/bin/../lib/gcc/avr/5.4.0/avr5\libgcc.a(_clear_bss.o)
 .text.libgcc.builtins
                0x00000000        0x0 c:/program files (x86)/atmel/studio/7.0/toolchain/avr8/avr8-gnu-toolchain/bin/../lib/gcc/avr/5.4.0/avr5\libgcc.a(_clear_bss.o)
 .text.libgcc.fmul
                0x00000000        0x0 c:/program files (x86)/atmel/studio/7.0/toolchain/avr8/avr8-gnu-toolchain/bin/../lib/gcc/avr/5.4.0/avr5\libgcc.a(_clear_bss.o)
 .text.libgcc.fixed
                0x00000000        0x0 c:/program files (x86)/atmel/studio/7.0/toolchain/avr8/avr8-gnu-toolchain/bin/../lib/gcc/avr/5.4.0/avr5\libgcc.a(_clear_bss.o)
 .text          0x00000000        0x0 c:/program files (x86)/atmel/studio/7.0/toolchain/avr8/avr8-gnu-toolchain/bin/../lib/gcc/avr/5.4.0/avr5\libgcc.a(_muluhisi3.o)
 .data          0x00000000        0x0 c:/program files (x86)/atmel/studio/7.0/toolchain/avr8/avr8-gnu-toolchain/bin/../lib/gcc/avr/5.4.0/avr5\libgcc.a(_muluhisi3.o)
 .bss           0x00000000        0x0 c:/program files (x86)/atmel/studio/7.0/toolchain/avr8/avr8-gnu-toolchain/bin/../lib/gcc/avr/5.4.0/avr5\libgcc.a(_muluhisi3.o)
 .text.libgcc.div
                0x00000000        0x0 c:/program files (x86)/atmel/studio/7.0/toolchain/avr8/avr8-gnu-toolchain/bin/../lib/gcc/avr/5.4.0/avr5\libgcc.a(_muluhisi3.o)
 .text.libgcc   0x00000000        0x0 c:/program files (x86)/atmel/studio/7.0/toolchain/avr8/avr8-gnu-toolchain/bin/../lib/gcc/avr/5.4.0/avr5\libgcc.a(_muluhisi3.o)
 .text.libgcc.prologue
                0x00000000        0x0 c:/program files (x86)/atmel/studio/7.0/toolchain/avr8/avr8-gnu-toolchain/bin/../lib/gcc/avr/5.4.0/avr5\libgcc.a(_muluhisi3.o)
 .text.libgcc.builtins
                0x00000000        0x0 c:/program files (x86)/atmel/studio/7.0/toolchain/avr8/avr8-gnu-toolchain/bin/../lib/gcc/avr/5.4.0/avr5\libgcc.a(_muluhisi3.o)
 .text.libgcc.fmul
                0x00000000        0x0 c:/program files (x86)/atmel/studio/7.0/toolchain/avr8/avr8-gnu-toolchain/bin/../lib/gcc/avr/5.4.0/avr5\libgcc.a(_muluhisi3.o)
 .text.libgcc.fixed
                0x00000000        0x0 c:/program files (x86)/atmel/studio/7.0/toolchain/avr8/avr8-gnu-toolchain/bin/../lib/gcc/avr/5.4.0/avr5\libgcc.a(_muluhisi3.o)
 .text          0x00000000        0x0 c:/program files (x86)/atmel/studio/7.0/toolchain/avr8/avr8-gnu-toolchain/bin/../lib/gcc/avr/5.4.0/avr5\libgcc.a(_udivmodhi4.o)
 .data          0x00000000        0x0 c:/program files (x86)/atmel/studio/7.0/toolchain/avr8/avr8-gnu-toolchain/bin/../lib/gcc/avr/5.4.0/avr5\libgcc.a(_udivmodhi4.o)
 .bss           0x00000000        0x0 c:/program files (x86)/atmel/studio/7.0/toolchain/avr8/avr8-gnu-toolchain/bin/../lib/gcc/avr/5.4.0/avr5\libgcc.a(_udivmodhi4.o)
 .text.libgcc.mul
                0x00000000        0x0 c:/program files (x86)/atmel/studio/7.0/toolchain/avr8/avr8-gnu-toolchain/bin/../lib/gcc/avr/5.4.0/avr5\libgcc.a(_udivmodhi4.o)
 .text.libgcc.div
                0x00000000       0x28 c:/program files (x86)/atmel/studio/7.0/toolchain/avr8/avr8-gnu-toolchain/bin/../lib/gcc/avr/5.4.0/avr5\libgcc.a(_udivmodhi4.o)
 .text.libgcc   0x00000000        0x0 c:/program files (x86)/atmel/studio/7.0/toolchain/avr8/avr8-gnu-toolchain/bin/../lib/gcc/avr/5.4.0/avr5\libgcc.a(_udivmodhi4.o)
 .text.libgcc.prologue
                0x00000000        0x0 c:/program files (x86)/atmel/studio/7.0/toolchain/avr8/avr8-gnu-toolchain/bin/../lib/gcc/avr/5.4.0/avr5\libgcc.a(_udivmodhi4.o)
 .text.libgcc.builtins
                0x00000000        0x0 c:/program files (x86)/atmel/studio/7.0/toolchain/avr8/avr8-gnu-toolchain/bin/../lib/gcc/avr/5.4.0/avr5\libgcc.a(_udivmodhi4.o)
 .text.libgcc.fmul
                0x00000000        0x0 c:/program files (x86)/atmel/studio/7.0/toolchain/avr8/avr8-gnu-toolchain/bin/../lib/gcc/avr/5.4.0/avr5\libgcc.a(_udivmodhi4.o)
 .text.libgcc.fixed
                0x00000000        0x0 c:/program files (x86)/atmel/studio/7.0/toolchain/avr8/avr8-gnu-toolchain/bin/../lib/gcc/avr/5.4.0/avr5\libgcc.a(_udivmodhi4.o)
 .text          0x00000000        0x0 c:/program files (x86)/atmel/studio/7.0/toolchain/avr8/avr8-gnu-toolchain/bin/../lib/gcc/avr/5.4.0/avr5\libgcc.a(_umulhisi3.o)
 .data          0x00000000        0x0 c:/program files (x86)/atmel/studio/7.0/toolchain/avr8/avr8-gnu-toolchain/bin/../lib/gcc/avr/5.4.0/avr5\libgcc.a(_umulhisi3.o)
 .bss           0x00000000        0x0 c:/program files (x86)/atmel/studio/7.0/toolchain/avr8/avr8-gnu-toolchain/bin/../lib/gcc/avr/5.4.0/avr5\libgcc.a(_umulhisi3.o)
 .text.libgcc.div
                0x00000000        0x0 c:/program files (x86)/atmel/studio/7.0/toolchain/avr8/avr8-gnu-toolchain/bin/../lib/gcc/avr/5.4.0/avr5\libgcc.a(_umulhisi3.o)
 .text.libgcc   0x00000000        0x0 c:/program files (x86)/atmel/studio/7.0/toolchain/avr8/avr8-gnu-toolchain/bin/../lib/gcc/avr/5.4.0/avr5\libgcc.a(_umulhisi3.o)
 .text.libgcc.prologue
                0x00000000        0x0 c:/program files (x86)/atmel/studio/7.0/toolchain/avr8/avr8-gnu-toolchain/bin/../lib/gcc/avr/5.4.0/avr5\libgcc.a(_umulhisi3.o)
 .text.libgcc.builtins
                0x00000000        0x0 c:/program files (x86)/atmel/studio/7.0/toolchain/avr8/avr8-gnu-toolchain/bin/../lib/gcc/avr/5.4.0/avr5\libgcc.a(_umulhisi3.o)
 .text.libgcc.fmul
                0x00000000        0x0 c:/program files (x86)/atmel/studio/7.0/toolchain/avr8/avr8-gnu-toolchain/bin/../lib/gcc/avr/5.4.0/avr5\libgcc.a(_umulhisi3.o)
 .text.libgcc.fixed
                0x00000000        0x0 c:/program files (x86)/atmel/studio/7.0/toolchain/avr8/avr8-gnu-toolchain/bin/../lib/gcc/avr/5.4.0/avr5\libgcc.a(_umulhisi3.o)

Memory Configuration

Name             Origin             Length             Attributes
text             0x00000000         0x00008000         xr
data             0x00800060         0x00000800         rw !x
eeprom           0x00810000         0x00000400         rw !x
fuse             0x00820000         0x00000002         rw !x
lock             0x00830000         0x00000400         rw !x
signature        0x00840000         0x00000400         rw !x
user_signatures  0x00850000         0x00000400         rw !x
*default*        0x00000000         0xffffffff

Linker script and memory map

LOAD C:/Program Files (x86)/Atmel/Studio/7.0/Packs/Atmel/ATmega_DFP/1.6.364/gcc/dev/atmega32/avr5/crtatmega32.o
LOAD App/main.o
LOAD Hal/Buzzer/Buzzer.o
LOAD Hal/ExternalEeprom/ExternalEeprom.o
LOAD Hal/Leds/Leds.o
LOAD Hal/Motor/Motor.o
LOAD Mcal/Dio/Dio.o
LOAD Mcal/Timer0/Timer0.o
LOAD Mcal/Twi/Twi.o
LOAD Mcal/Uart/Uart.o
START GROUP
LOAD c:/program files (x86)/atmel/studio/7.0/toolchain/avr8/avr8-gnu-toolchain/bin/../lib/gcc/avr/5.4.0/../../../../avr/lib/avr5\libm.a
END GROUP
START GROUP
LOAD c:/program files (x86)/atmel/studio/7.0/toolchain/avr8/avr8-gnu-toolchain/bin/../lib/gcc/avr/5.4.0/avr5\libgcc.a
LOAD c:/program files (x86)/atmel/studio/7.0/toolchain/avr8/avr8-gnu-toolchain/bin/../lib/gcc/avr/5.4.0/../../../../avr/lib/avr5\libm.a
LOAD c:/program files (x86)/atmel/studio/7.0/toolchain/avr8/avr8-gnu-toolchain/bin/../lib/gcc/avr/5.4.0/../../../../avr/lib/avr5\libc.a
LOAD C:/Program Files (x86)/Atmel/Studio/7.0/Packs/Atmel/ATmega_DFP/1.6.364/gcc/dev/atmega32/avr5\libatmega32.a
END GROUP
                [0x00008000]                __TEXT_REGION_LENGTH__ = DEFINED (__TEXT_REGION_LENGTH__)?__TEXT_REGION_LENGTH__:0x20000
                [0x00000800]                __DATA_REGION_LENGTH__ = DEFINED (__DATA_REGION_LENGTH__)?__DATA_REGION_LENGTH__:0xffa0
                [0x00000400]                __EEPROM_REGION_LENGTH__ = DEFINED (__EEPROM_REGION_LENGTH__)?__EEPROM_REGION_LENGTH__:0x10000
                [0x00000002]                __FUSE_REGION_LENGTH__ = DEFINED (__FUSE_REGION_LENGTH__)?__FUSE_REGION_LENGTH__:0x400
                0x00000400                __LOCK_REGION_LENGTH__ = DEFINED (__LOCK_REGION_LENGTH__)?__LOCK_REGION_LENGTH__:0x400
                0x00000400                __SIGNATURE_REGION_LENGTH__ = DEFINED (__SIGNATURE_REGION_LENGTH__)?__SIGNATURE_REGION_LENGTH__:0x400
                0x00000400                __USER_SIGNATURE_REGION_LENGTH__ = DEFINED (__USER_SIGNATURE_REGION_LENGTH__)?__USER_SIGNATURE_REGION_LENGTH__:0x400

.hash
 *(.hash)

.dynsym
 *(.dynsym)

.dynstr
 *(.dynstr)

.gnu.version
 *(.gnu.version)

.gnu.version_d
 *(.gnu.version_d)

.gnu.version_r
 *(.gnu.version_r)

.rel.init
 *(.rel.init)

.rela.init
 *(.rela.init)

.rel.text
 *(.rel.text)
 *(.rel.text.*)
 *(.rel.gnu.linkonce.t*)

.rela.text
 *(.rela.text)
 *(.rela.text.*)
 *(.rela.gnu.linkonce.t*)

.rel.fini
 *(.rel.fini)

.rela.fini
 *(.rela.fini)

.rel.rodata
 *(.rel.rodata)
 *(.rel.rodata.*)
 *(.rel.gnu.linkonce.r*)

.rela.rodata
 *(.rela.rodata)
 *(.rela.rodata.*)
 *(.rela.gnu.linkonce.r*)

.rel.data
 *(.rel.data)
 *(.rel.data.*)
 *(.rel.gnu.linkonce.d*)

.rela.data
 *(.rela.data)
 *(.rela.data.*)
 *(.rela.gnu.linkonce.d*)

.rel.ctors
 *(.rel.ctors)

.rela.ctors
 *(.rela.ctors)

.rel.dtors
 *(.rel.dtors)

.rela.dtors
 *(.rela.dtors)

.rel.got
 *(.rel.got)

.rela.got
 *(.rela.got)

.rel.bss
 *(.rel.bss)

.rela.bss
 *(.rela.bss)

.rel.plt
 *(.rel.plt)

.rela.plt
 *(.rela.plt)

.text           0x00000000      0xa62
 *(.vectors)
 .vectors       0x00000000       0x54 C:/Program Files (x86)/Atmel/Studio/7.0/Packs/Atmel/ATmega_DFP/1.6.364/gcc/dev/atmega32/avr5/crtatmega32.o
                0x00000000                __vector_default
                0x00000000                __vectors
 *(.vectors)
 *(.progmem.gcc*)
                0x00000054                . = ALIGN (0x2)
                0x00000054                __trampolines_start = .
 *(.trampolines)
 .trampolines   0x00000054        0x0 linker stubs
 *(.trampolines*)
                0x00000054                __trampolines_end = .
 *libprintf_flt.a:*(.progmem.data)
 *libc.a:*(.progmem.data)
 *(.progmem*)
                0x00000054                . = ALIGN (0x2)
 *(.jumptables)
 *(.jumptables*)
 *(.lowtext)
 *(.lowtext*)
                0x00000054                __ctors_start = .
 *(.ctors)
                0x00000054                __ctors_end = .
                0x00000054                __dtors_start = .
 *(.dtors)
                0x00000054                __dtors_end = .
 SORT(*)(.ctors)
 SORT(*)(.dtors)
 *(.init0)
 .init0         0x00000054        0x0 C:/Program Files (x86)/Atmel/Studio/7.0/Packs/Atmel/ATmega_DFP/1.6.364/gcc/dev/atmega32/avr5/crtatmega32.o
                0x00000054                __init
 *(.init0)
 *(.init1)
 *(.init1)
 *(.init2)
 .init2         0x00000054        0xc C:/Program Files (x86)/Atmel/Studio/7.0/Packs/Atmel/ATmega_DFP/1.6.364/gcc/dev/atmega32/avr5/crtatmega32.o
 *(.init2)
 *(.init3)
 *(.init3)
 *(.init4)
 .init4         0x00000060       0x10 c:/program files (x86)/atmel/studio/7.0/toolchain/avr8/avr8-gnu-toolchain/bin/../lib/gcc/avr/5.4.0/avr5\libgcc.a(_clear_bss.o)
                0x00000060                __do_clear_bss
 *(.init4)
 *(.init5)
 *(.init5)
 *(.init6)
 *(.init6)
 *(.init7)
 *(.init7)
 *(.init8)
 *(.init8)
 *(.init9)
 .init9         0x00000070        0x8 C:/Program Files (x86)/Atmel/Studio/7.0/Packs/Atmel/ATmega_DFP/1.6.364/gcc/dev/atmega32/avr5/crtatmega32.o
 *(.init9)
 *(.text)
 .text          0x00000078        0x4 C:/Program Files (x86)/Atmel/Studio/7.0/Packs/Atmel/ATmega_DFP/1.6.364/gcc/dev/atmega32/avr5/crtatmega32.o
                0x00000078                __vector_1
                0x00000078                __vector_12
                0x00000078                __bad_interrupt
                0x00000078                __vector_6
                0x00000078                __vector_3
                0x00000078                __vector_11
                0x00000078                __vector_13
                0x00000078                __vector_17
                0x00000078                __vector_19
                0x00000078                __vector_7
                0x00000078                __vector_5
                0x00000078                __vector_4
                0x00000078                __vector_9
                0x00000078                __vector_2
                0x00000078                __vector_15
                0x00000078                __vector_8
                0x00000078                __vector_14
                0x00000078                __vector_16
                0x00000078                __vector_18
                0x00000078                __vector_20
                0x0000007c                . = ALIGN (0x2)
 *(.text.*)
 .text.A_Timer0_Execution
                0x0000007c       0x14 App/main.o
                0x0000007c                A_Timer0_Execution
 .text.A_Main_ConfirmPassword
                0x00000090       0x2e App/main.o
                0x00000090                A_Main_ConfirmPassword
 .text.A_Main_CheckPasswordEeprom
                0x000000be       0x42 App/main.o
                0x000000be                A_Main_CheckPasswordEeprom
 .text.main     0x00000100      0x302 App/main.o
                0x00000100                main
 .text.H_Buzzer_Init
                0x00000402        0xa Hal/Buzzer/Buzzer.o
                0x00000402                H_Buzzer_Init
 .text.H_Buzzer_On
                0x0000040c        0xa Hal/Buzzer/Buzzer.o
                0x0000040c                H_Buzzer_On
 .text.H_Buzzer_Off
                0x00000416        0xa Hal/Buzzer/Buzzer.o
                0x00000416                H_Buzzer_Off
 .text.H_Eeprom_Write
                0x00000420       0x30 Hal/ExternalEeprom/ExternalEeprom.o
                0x00000420                H_Eeprom_Write
 .text.H_Eeprom_Read
                0x00000450       0x36 Hal/ExternalEeprom/ExternalEeprom.o
                0x00000450                H_Eeprom_Read
 .text.H_Leds_Init
                0x00000486       0x1a Hal/Leds/Leds.o
                0x00000486                H_Leds_Init
 .text.H_Leds_On
                0x000004a0       0x2a Hal/Leds/Leds.o
                0x000004a0                H_Leds_On
 .text.H_Leds_Off
                0x000004ca       0x2a Hal/Leds/Leds.o
                0x000004ca                H_Leds_Off
 .text.H_Motor_Init
                0x000004f4       0x22 Hal/Motor/Motor.o
                0x000004f4                H_Motor_Init
 .text.H_Motor_CW
                0x00000516       0x12 Hal/Motor/Motor.o
                0x00000516                H_Motor_CW
 .text.H_Motor_Stop
                0x00000528       0x12 Hal/Motor/Motor.o
                0x00000528                H_Motor_Stop
 .text.M_Dio_PinMode
                0x0000053a      0x112 Mcal/Dio/Dio.o
                0x0000053a                M_Dio_PinMode
 .text.M_Dio_PinWrite
                0x0000064c      0x112 Mcal/Dio/Dio.o
                0x0000064c                M_Dio_PinWrite
 .text.M_Timer0_Init
                0x0000075e       0x1a Mcal/Timer0/Timer0.o
                0x0000075e                M_Timer0_Init
 .text.M_Timer0_SetTime
                0x00000778       0xaa Mcal/Timer0/Timer0.o
                0x00000778                M_Timer0_SetTime
 .text.M_Timer0_Start
                0x00000822       0x14 Mcal/Timer0/Timer0.o
                0x00000822                M_Timer0_Start
 .text.M_Timer0_Stop
                0x00000836       0x14 Mcal/Timer0/Timer0.o
                0x00000836                M_Timer0_Stop
 .text.M_Timer0_SetCallBack
                0x0000084a        0xa Mcal/Timer0/Timer0.o
                0x0000084a                M_Timer0_SetCallBack
 .text.__vector_10
                0x00000854       0x9e Mcal/Timer0/Timer0.o
                0x00000854                __vector_10
 .text.M_Twi_StartCondition
                0x000008f2       0x1c Mcal/Twi/Twi.o
                0x000008f2                M_Twi_StartCondition
 .text.M_Twi_SendSlaveAddressWrite
                0x0000090e       0x20 Mcal/Twi/Twi.o
                0x0000090e                M_Twi_SendSlaveAddressWrite
 .text.M_Twi_SendSlaveAddressRead
                0x0000092e       0x22 Mcal/Twi/Twi.o
                0x0000092e                M_Twi_SendSlaveAddressRead
 .text.M_Twi_SendByte
                0x00000950       0x1e Mcal/Twi/Twi.o
                0x00000950                M_Twi_SendByte
 .text.M_Twi_ReadByte
                0x0000096e       0x2a Mcal/Twi/Twi.o
                0x0000096e                M_Twi_ReadByte
 .text.M_Twi_RepeatedStart
                0x00000998       0x1c Mcal/Twi/Twi.o
                0x00000998                M_Twi_RepeatedStart
 .text.M_Twi_StopCondition
                0x000009b4        0xe Mcal/Twi/Twi.o
                0x000009b4                M_Twi_StopCondition
 .text.M_Uart_Init
                0x000009c2       0x14 Mcal/Uart/Uart.o
                0x000009c2                M_Uart_Init
 .text.M_Uart_SendByte
                0x000009d6        0x8 Mcal/Uart/Uart.o
                0x000009d6                M_Uart_SendByte
 .text.M_Uart_ReceiveByte
                0x000009de        0x8 Mcal/Uart/Uart.o
                0x000009de                M_Uart_ReceiveByte
 .text.libgcc.div
                0x000009e6       0x44 c:/program files (x86)/atmel/studio/7.0/toolchain/avr8/avr8-gnu-toolchain/bin/../lib/gcc/avr/5.4.0/avr5\libgcc.a(_udivmodsi4.o)
                0x000009e6                __udivmodsi4
 .text.libgcc.mul
                0x00000a2a       0x16 c:/program files (x86)/atmel/studio/7.0/toolchain/avr8/avr8-gnu-toolchain/bin/../lib/gcc/avr/5.4.0/avr5\libgcc.a(_muluhisi3.o)
                0x00000a2a                __muluhisi3
 .text.libgcc.mul
                0x00000a40       0x1e c:/program files (x86)/atmel/studio/7.0/toolchain/avr8/avr8-gnu-toolchain/bin/../lib/gcc/avr/5.4.0/avr5\libgcc.a(_umulhisi3.o)
                0x00000a40                __umulhisi3
                0x00000a5e                . = ALIGN (0x2)
 *(.fini9)
 .fini9         0x00000a5e        0x0 c:/program files (x86)/atmel/studio/7.0/toolchain/avr8/avr8-gnu-toolchain/bin/../lib/gcc/avr/5.4.0/avr5\libgcc.a(_exit.o)
                0x00000a5e                _exit
                0x00000a5e                exit
 *(.fini9)
 *(.fini8)
 *(.fini8)
 *(.fini7)
 *(.fini7)
 *(.fini6)
 *(.fini6)
 *(.fini5)
 *(.fini5)
 *(.fini4)
 *(.fini4)
 *(.fini3)
 *(.fini3)
 *(.fini2)
 *(.fini2)
 *(.fini1)
 *(.fini1)
 *(.fini0)
 .fini0         0x00000a5e        0x4 c:/program files (x86)/atmel/studio/7.0/toolchain/avr8/avr8-gnu-toolchain/bin/../lib/gcc/avr/5.4.0/avr5\libgcc.a(_exit.o)
 *(.fini0)
                0x00000a62                _etext = .

.data           0x00800060        0x0 load address 0x00000a62
                [!provide]                PROVIDE (__data_start, .)
 *(.data)
 *(.data*)
 *(.gnu.linkonce.d*)
 *(.rodata)
 *(.rodata*)
 *(.gnu.linkonce.r*)
                0x00800060                . = ALIGN (0x2)
                0x00800060                _edata = .
                [!provide]                PROVIDE (__data_end, .)

.bss            0x00800060        0xf
                0x00800060                PROVIDE (__bss_start, .)
 *(.bss)
 *(.bss*)
 .bss.Global_u8_SystemState
                0x00800060        0x1 App/main.o
                0x00800060                Global_u8_SystemState
 .bss.Global_u32_MS
                0x00800061        0x4 App/main.o
                0x00800061                Global_u32_MS
 .bss.Local_u32_Counter.1671
                0x00800065        0x4 Mcal/Timer0/Timer0.o
 .bss.Timer0_NumberOfCompareMatch
                0x00800069        0x4 Mcal/Timer0/Timer0.o
                0x00800069                Timer0_NumberOfCompareMatch
 *(COMMON)
 COMMON         0x0080006d        0x2 Mcal/Timer0/Timer0.o
                0x0080006d                CallBack
                0x0080006f                PROVIDE (__bss_end, .)
                0x00000a62                __data_load_start = LOADADDR (.data)
                0x00000a62                __data_load_end = (__data_load_start + SIZEOF (.data))

.noinit         0x0080006f        0x0
                [!provide]                PROVIDE (__noinit_start, .)
 *(.noinit*)
                [!provide]                PROVIDE (__noinit_end, .)
                0x0080006f                _end = .
                [!provide]                PROVIDE (__heap_start, .)

.eeprom         0x00810000        0x0
 *(.eeprom*)
                0x00810000                __eeprom_end = .

.fuse
 *(.fuse)
 *(.lfuse)
 *(.hfuse)
 *(.efuse)

.lock
 *(.lock*)

.signature
 *(.signature*)

.user_signatures
 *(.user_signatures*)

.stab
 *(.stab)

.stabstr
 *(.stabstr)

.stab.excl
 *(.stab.excl)

.stab.exclstr
 *(.stab.exclstr)

.stab.index
 *(.stab.index)

.stab.indexstr
 *(.stab.indexstr)

.comment        0x00000000       0x30
 *(.comment)
 .comment       0x00000000       0x30 App/main.o
                                 0x31 (size before relaxing)
 .comment       0x00000030       0x31 Hal/Buzzer/Buzzer.o
 .comment       0x00000030       0x31 Hal/ExternalEeprom/ExternalEeprom.o
 .comment       0x00000030       0x31 Hal/Leds/Leds.o
 .comment       0x00000030       0x31 Hal/Motor/Motor.o
 .comment       0x00000030       0x31 Mcal/Dio/Dio.o
 .comment       0x00000030       0x31 Mcal/Timer0/Timer0.o
 .comment       0x00000030       0x31 Mcal/Twi/Twi.o
 .comment       0x00000030       0x31 Mcal/Uart/Uart.o

.note.gnu.avr.deviceinfo
                0x00000000       0x3c
 .note.gnu.avr.deviceinfo
                0x00000000       0x3c C:/Program Files (x86)/Atmel/Studio/7.0/Packs/Atmel/ATmega_DFP/1.6.364/gcc/dev/atmega32/avr5/crtatmega32.o

.note.gnu.build-id
 *(.note.gnu.build-id)

.debug
 *(.debug)

.line
 *(.line)

.debug_srcinfo
 *(.debug_srcinfo)

.debug_sfnames
 *(.debug_sfnames)

.debug_aranges  0x00000000      0x250
 *(.debug_aranges)
 .debug_aranges
                0x00000000       0x38 App/main.o
 .debug_aranges
                0x00000038       0x38 Hal/Buzzer/Buzzer.o
 .debug_aranges
                0x00000070       0x30 Hal/ExternalEeprom/ExternalEeprom.o
 .debug_aranges
                0x000000a0       0x30 Hal/Leds/Leds.o
 .debug_aranges
                0x000000d0       0x38 Hal/Motor/Motor.o
 .debug_aranges
                0x00000108       0x40 Mcal/Dio/Dio.o
 .debug_aranges
                0x00000148       0x68 Mcal/Timer0/Timer0.o
 .debug_aranges
                0x000001b0       0x60 Mcal/Twi/Twi.o
 .debug_aranges
                0x00000210       0x40 Mcal/Uart/Uart.o

.debug_pubnames
 *(.debug_pubnames)

.debug_info     0x00000000     0x1c66
 *(.debug_info .gnu.linkonce.wi.*)
 .debug_info    0x00000000      0x4e6 C:/Program Files (x86)/Atmel/Studio/7.0/Packs/Atmel/ATmega_DFP/1.6.364/gcc/dev/atmega32/avr5/crtatmega32.o
 .debug_info    0x000004e6      0x7e5 App/main.o
 .debug_info    0x00000ccb      0x1d0 Hal/Buzzer/Buzzer.o
 .debug_info    0x00000e9b      0x2d6 Hal/ExternalEeprom/ExternalEeprom.o
 .debug_info    0x00001171      0x1c1 Hal/Leds/Leds.o
 .debug_info    0x00001332      0x1d2 Hal/Motor/Motor.o
 .debug_info    0x00001504      0x20c Mcal/Dio/Dio.o
 .debug_info    0x00001710      0x265 Mcal/Timer0/Timer0.o
 .debug_info    0x00001975      0x172 Mcal/Twi/Twi.o
 .debug_info    0x00001ae7      0x17f Mcal/Uart/Uart.o

.debug_abbrev   0x00000000      0xd2f
 *(.debug_abbrev)
 .debug_abbrev  0x00000000      0x4a3 C:/Program Files (x86)/Atmel/Studio/7.0/Packs/Atmel/ATmega_DFP/1.6.364/gcc/dev/atmega32/avr5/crtatmega32.o
 .debug_abbrev  0x000004a3      0x1f9 App/main.o
 .debug_abbrev  0x0000069c      0x10c Hal/Buzzer/Buzzer.o
 .debug_abbrev  0x000007a8      0x152 Hal/ExternalEeprom/ExternalEeprom.o
 .debug_abbrev  0x000008fa       0x8d Hal/Leds/Leds.o
 .debug_abbrev  0x00000987       0x71 Hal/Motor/Motor.o
 .debug_abbrev  0x000009f8       0xb8 Mcal/Dio/Dio.o
 .debug_abbrev  0x00000ab0      0x123 Mcal/Timer0/Timer0.o
 .debug_abbrev  0x00000bd3       0x89 Mcal/Twi/Twi.o
 .debug_abbrev  0x00000c5c       0xd3 Mcal/Uart/Uart.o

.debug_line     0x00000000     0x11dc
 *(.debug_line .debug_line.* .debug_line_end)
 .debug_line    0x00000000      0x116 C:/Program Files (x86)/Atmel/Studio/7.0/Packs/Atmel/ATmega_DFP/1.6.364/gcc/dev/atmega32/avr5/crtatmega32.o
 .debug_line    0x00000116      0x4b8 App/main.o
 .debug_line    0x000005ce      0x187 Hal/Buzzer/Buzzer.o
 .debug_line    0x00000755      0x1c9 Hal/ExternalEeprom/ExternalEeprom.o
 .debug_line    0x0000091e       0xcc Hal/Leds/Leds.o
 .debug_line    0x000009ea       0xc3 Hal/Motor/Motor.o
 .debug_line    0x00000aad      0x1d4 Mcal/Dio/Dio.o
 .debug_line    0x00000c81      0x214 Mcal/Timer0/Timer0.o
 .debug_line    0x00000e95      0x212 Mcal/Twi/Twi.o
 .debug_line    0x000010a7      0x135 Mcal/Uart/Uart.o

.debug_frame    0x00000000      0x490
 *(.debug_frame)
 .debug_frame   0x00000000       0x80 App/main.o
 .debug_frame   0x00000080       0x54 Hal/Buzzer/Buzzer.o
 .debug_frame   0x000000d4       0x60 Hal/ExternalEeprom/ExternalEeprom.o
 .debug_frame   0x00000134       0x44 Hal/Leds/Leds.o
 .debug_frame   0x00000178       0x54 Hal/Motor/Motor.o
 .debug_frame   0x000001cc       0x64 Mcal/Dio/Dio.o
 .debug_frame   0x00000230      0x12c Mcal/Timer0/Timer0.o
 .debug_frame   0x0000035c       0xa4 Mcal/Twi/Twi.o
 .debug_frame   0x00000400       0x90 Mcal/Uart/Uart.o

.debug_str      0x00000000      0x972
 *(.debug_str)
 .debug_str     0x00000000      0x196 C:/Program Files (x86)/Atmel/Studio/7.0/Packs/Atmel/ATmega_DFP/1.6.364/gcc/dev/atmega32/avr5/crtatmega32.o
 .debug_str     0x00000196      0x3e0 App/main.o
                                0x414 (size before relaxing)
 .debug_str     0x00000576       0x42 Hal/Buzzer/Buzzer.o
                                0x256 (size before relaxing)
 .debug_str     0x000005b8      0x10a Hal/ExternalEeprom/ExternalEeprom.o
                                0x314 (size before relaxing)
 .debug_str     0x000006c2       0x23 Hal/Leds/Leds.o
                                0x1d8 (size before relaxing)
 .debug_str     0x000006e5       0x21 Hal/Motor/Motor.o
                                0x1da (size before relaxing)
 .debug_str     0x00000706       0x8d Mcal/Dio/Dio.o
                                0x221 (size before relaxing)
 .debug_str     0x00000793      0x147 Mcal/Timer0/Timer0.o
                                0x34a (size before relaxing)
 .debug_str     0x000008da       0x2d Mcal/Twi/Twi.o
                                0x24f (size before relaxing)
 .debug_str     0x00000907       0x6b Mcal/Uart/Uart.o
                                0x21f (size before relaxing)

.debug_loc      0x00000000      0xd57
 *(.debug_loc)
 .debug_loc     0x00000000      0x5a7 App/main.o
 .debug_loc     0x000005a7       0x48 Hal/Buzzer/Buzzer.o
 .debug_loc     0x000005ef      0x1c4 Hal/ExternalEeprom/ExternalEeprom.o
 .debug_loc     0x000007b3       0xa6 Hal/Leds/Leds.o
 .debug_loc     0x00000859      0x120 Mcal/Dio/Dio.o
 .debug_loc     0x00000979      0x217 Mcal/Timer0/Timer0.o
 .debug_loc     0x00000b90       0x6f Mcal/Twi/Twi.o
 .debug_loc     0x00000bff      0x158 Mcal/Uart/Uart.o

.debug_macinfo
 *(.debug_macinfo)

.debug_weaknames
 *(.debug_weaknames)

.debug_funcnames
 *(.debug_funcnames)

.debug_typenames
 *(.debug_typenames)

.debug_varnames
 *(.debug_varnames)

.debug_pubtypes
 *(.debug_pubtypes)

.debug_ranges   0x00000000      0x208
 *(.debug_ranges)
 .debug_ranges  0x00000000       0x70 App/main.o
 .debug_ranges  0x00000070       0x28 Hal/Buzzer/Buzzer.o
 .debug_ranges  0x00000098       0x20 Hal/ExternalEeprom/ExternalEeprom.o
 .debug_ranges  0x000000b8       0x20 Hal/Leds/Leds.o
 .debug_ranges  0x000000d8       0x28 Hal/Motor/Motor.o
 .debug_ranges  0x00000100       0x30 Mcal/Dio/Dio.o
 .debug_ranges  0x00000130       0x58 Mcal/Timer0/Timer0.o
 .debug_ranges  0x00000188       0x50 Mcal/Twi/Twi.o
 .debug_ranges  0x000001d8       0x30 Mcal/Uart/Uart.o

.debug_macro
 *(.debug_macro)
OUTPUT(Door_Lock_System.elf elf32-avr)
LOAD linker stubs
